../Core/Src/main.c:200:1:__io_putchar	1
../Core/Src/main.c:206:6:HAL_CAN_RxFifo0MsgPendingCallback	5
../Core/Src/main.c:259:6:HAL_TIM_PeriodElapsedCallback	5
../Core/Src/main.c:310:6:Brake_Engage	6
../Core/Src/main.c:345:6:Brake_Disengage	6
../Core/Src/main.c:381:6:Brake_Release	2
../Core/Src/main.c:391:6:Brake_Update	4
../Core/Src/main.c:404:6:Check_Direction_Stability	3
../Core/Src/main.c:426:6:Check_Brake_Stability	3
../Core/Src/main.c:448:6:EmergencyStop	9
../Core/Src/main.c:473:5:main	4
../Core/Src/main.c:704:6:SystemClock_Config	3
../Core/Src/main.c:751:13:MX_CAN1_Init	2
../Core/Src/main.c:788:13:MX_CAN2_Init	2
../Core/Src/main.c:825:13:MX_DAC_Init	4
../Core/Src/main.c:872:13:MX_TIM2_Init	4
../Core/Src/main.c:917:13:MX_TIM3_Init	4
../Core/Src/main.c:962:13:MX_USART1_UART_Init	2
../Core/Src/main.c:995:13:MX_USART2_UART_Init	2
../Core/Src/main.c:1028:13:MX_GPIO_Init	1
../Core/Src/main.c:1134:6:Error_Handler	1
